../Core/Src/main.c:97:7:calculate_pid	64	static
../Core/Src/main.c:128:6:lcd_zakres	8	static
../Core/Src/main.c:145:5:main	64	static
../Core/Src/main.c:255:6:SystemClock_Config	88	static
../Core/Src/main.c:305:13:MX_I2C1_Init	8	static
../Core/Src/main.c:353:13:MX_I2C2_Init	8	static
../Core/Src/main.c:401:13:MX_TIM1_Init	56	static
../Core/Src/main.c:452:13:MX_TIM2_Init	64	static
../Core/Src/main.c:511:13:MX_TIM3_Init	64	static
../Core/Src/main.c:570:13:MX_USART3_UART_Init	8	static
../Core/Src/main.c:605:13:MX_USB_OTG_FS_PCD_Init	8	static
../Core/Src/main.c:640:13:MX_GPIO_Init	64	static
../Core/Src/main.c:741:6:HAL_UART_RxCpltCallback	24	static
../Core/Src/main.c:767:6:Error_Handler	4	static,ignoring_inline_asm
