../Core/Src/main.c:99:7:calculate_pid	64	static
../Core/Src/main.c:130:6:lcd_zakres	24	static
../Core/Src/main.c:148:5:main	64	static
../Core/Src/main.c:257:6:SystemClock_Config	88	static
../Core/Src/main.c:307:13:MX_I2C1_Init	8	static
../Core/Src/main.c:355:13:MX_I2C2_Init	8	static
../Core/Src/main.c:403:13:MX_TIM1_Init	56	static
../Core/Src/main.c:454:13:MX_TIM2_Init	64	static
../Core/Src/main.c:513:13:MX_TIM3_Init	64	static
../Core/Src/main.c:572:13:MX_USART3_UART_Init	8	static
../Core/Src/main.c:607:13:MX_USB_OTG_FS_PCD_Init	8	static
../Core/Src/main.c:642:13:MX_GPIO_Init	64	static
../Core/Src/main.c:743:6:HAL_UART_RxCpltCallback	32	static
../Core/Src/main.c:766:6:Error_Handler	4	static,ignoring_inline_asm
